Open Watcom Linker Version 2.0 beta Nov  1 2017 20:56:49 (64-bit)
Copyright (c) 2002-2017 The Open Watcom Contributors. All Rights Reserved.
Portions Copyright (c) 1985-2002 Sybase, Inc. All Rights Reserved.
Created on:       22/06/01 16:33:37
Executable Image: gamelife.exe
creating a DOS executable


                        +------------+
                        |   Groups   |
                        +------------+

Group                           Address              Size
=====                           =======              ====

DGROUP                          0e6c:0000            00003330



                        +--------------+
                        |   Segments   |
                        +--------------+

Segment                Class          Group          Address         Size
=======                =====          =====          =======         ====

main_TEXT              CODE           AUTO           0000:0000       00001c4b
_TEXT                  CODE           AUTO           0000:1c50       00006212
cppdata_TEXT           CODE           AUTO           0000:7e70       00000000
fsregist_TEXT          CODE           AUTO           0000:7e70       000003a9
ioicout_TEXT           CODE           AUTO           0000:8220       000000a5
ostincch_TEXT          CODE           AUTO           0000:82d0       000000b9
opnewarr_TEXT          CODE           AUTO           0000:8390       00000005
manhex_TEXT            CODE           AUTO           0000:83a0       0000000f
ostiniom_TEXT          CODE           AUTO           0000:83b0       00000028
ostinulo_TEXT          CODE           AUTO           0000:83e0       0000017a
ostincha_TEXT          CODE           AUTO           0000:8560       00000109
flfoprot_TEXT          CODE           AUTO           0000:8670       00000000
ofsconnm_TEXT          CODE           AUTO           0000:8670       00000155
ioicerr_TEXT           CODE           AUTO           0000:87d0       0000008c
ostwrite_TEXT          CODE           AUTO           0000:8860       00000134
ofsdestr_TEXT          CODE           AUTO           0000:89a0       0000011e
stabdtor_TEXT          CODE           AUTO           0000:8ac0       000003b1
ifsconnm_TEXT          CODE           AUTO           0000:8e80       00000146
istread_TEXT           CODE           AUTO           0000:8fd0       000000ea
ifsdestr_TEXT          CODE           AUTO           0000:90c0       0000011e
opdelarr_TEXT          CODE           AUTO           0000:91e0       00000005
opdel_TEXT             CODE           AUTO           0000:91f0       0000000e
opnew_TEXT             CODE           AUTO           0000:9200       0000007a
undefed_TEXT           CODE           AUTO           0000:9280       00000010
undefmbd_TEXT          CODE           AUTO           0000:9290       00000000
fsroot_TEXT            CODE           AUTO           0000:9290       0000000b
stabdisp_TEXT          CODE           AUTO           0000:92a0       0000036e
sdfconfp_TEXT          CODE           AUTO           0000:9610       0000001e
stablcl_TEXT           CODE           AUTO           0000:9630       00000005
ostconsf_TEXT          CODE           AUTO           0000:9640       000000f2
ostflush_TEXT          CODE           AUTO           0000:9740       00000058
ostdestr_TEXT          CODE           AUTO           0000:97a0       000000f4
sdfdestr_TEXT          CODE           AUTO           0000:98a0       000000f5
moddtorr_TEXT          CODE           AUTO           0000:99a0       00000000
ostopfx_TEXT           CODE           AUTO           0000:99a0       00000071
iouwrtit_TEXT          CODE           AUTO           0000:9a20       00000390
iossetst_TEXT          CODE           AUTO           0000:9db0       00000071
ioufgtba_TEXT          CODE           AUTO           0000:9e30       0000001e
ostadpre_TEXT          CODE           AUTO           0000:9e50       00000071
pure_err_TEXT          CODE           AUTO           0000:9ed0       00000024
ostdlshf_TEXT          CODE           AUTO           0000:9f00       00000047
fsbconnm_TEXT          CODE           AUTO           0000:9f50       00000156
ostconde_TEXT          CODE           AUTO           0000:a0b0       00000054
iosconde_TEXT          CODE           AUTO           0000:a110       00000011
fsbdestr_TEXT          CODE           AUTO           0000:a130       00000108
iosdestr_TEXT          CODE           AUTO           0000:a240       000000b2
stfdspun_TEXT          CODE           AUTO           0000:a300       000000e5
vfun_err_TEXT          CODE           AUTO           0000:a3f0       00000024
dtorarst_TEXT          CODE           AUTO           0000:a420       0000002f
stabtrav_TEXT          CODE           AUTO           0000:a450       000001f1
callterm_TEXT          CODE           AUTO           0000:a650       00000032
allocexc_TEXT          CODE           AUTO           0000:a690       000004e5
stabadt_TEXT           CODE           AUTO           0000:ab80       00000127
istconde_TEXT          CODE           AUTO           0000:acb0       00000081
istdestr_TEXT          CODE           AUTO           0000:ad40       000000f4
stfdsgtn_TEXT          CODE           AUTO           0000:ae40       0000009d
istdipfx_TEXT          CODE           AUTO           0000:aee0       000000ac
istdread_TEXT          CODE           AUTO           0000:af90       000000d2
fatalerr_TEXT          CODE           AUTO           0000:b070       0000001d
tsequiv_TEXT           CODE           AUTO           0000:b090       000001d4
stfpbfai_TEXT          CODE           AUTO           0000:b270       00000004
sdfoverf_TEXT          CODE           AUTO           0000:b280       000001e9
sdfundrf_TEXT          CODE           AUTO           0000:b470       0000018c
stfsbuf_TEXT           CODE           AUTO           0000:b600       00000081
stfseeko_TEXT          CODE           AUTO           0000:b690       0000000c
stfseekp_TEXT          CODE           AUTO           0000:b6a0       00000021
sdfsync_TEXT           CODE           AUTO           0000:b6d0       0000002e
stfdoall_TEXT          CODE           AUTO           0000:b700       00000040
stfconde_TEXT          CODE           AUTO           0000:b740       0000006e
stabmod_TEXT           CODE           AUTO           0000:b7b0       0000007a
iosinit_TEXT           CODE           AUTO           0000:b830       00000061
stfsync_TEXT           CODE           AUTO           0000:b8a0       00000022
stfdestr_TEXT          CODE           AUTO           0000:b8d0       0000002e
iosfail_TEXT           CODE           AUTO           0000:b900       00000009
stabthrw_TEXT          CODE           AUTO           0000:b910       00000ce5
prwdata_TEXT           CODE           AUTO           0000:c600       00000000
flfconde_TEXT          CODE           AUTO           0000:c600       0000001b
flfopen_TEXT           CODE           AUTO           0000:c620       000000b9
flfdestr_TEXT          CODE           AUTO           0000:c6e0       000000f2
ioufrxal_TEXT          CODE           AUTO           0000:c7e0       00000033
bittest_TEXT           CODE           AUTO           0000:c820       00000047
termnate_TEXT          CODE           AUTO           0000:c870       00000049
exc_pr_TEXT            CODE           AUTO           0000:c8c0       000001bd
areaexc_TEXT           CODE           AUTO           0000:ca80       00000000
tssize_TEXT            CODE           AUTO           0000:ca80       0000004d
manws_TEXT             CODE           AUTO           0000:cad0       00000040
stfsetb_TEXT           CODE           AUTO           0000:cb10       00000085
unexpect_TEXT          CODE           AUTO           0000:cba0       0000008d
stabinit_TEXT          CODE           AUTO           0000:cc30       00000111
ljmpinit_TEXT          CODE           AUTO           0000:cd50       00000016
flfpbfai_TEXT          CODE           AUTO           0000:cd70       00000125
flfoverf_TEXT          CODE           AUTO           0000:cea0       00000262
flfundrf_TEXT          CODE           AUTO           0000:d110       0000017a
flfsetbf_TEXT          CODE           AUTO           0000:d290       0000008b
flfseeko_TEXT          CODE           AUTO           0000:d320       00000077
flfsync_TEXT           CODE           AUTO           0000:d3a0       000000d7
flfclose_TEXT          CODE           AUTO           0000:d480       00000047
istpeek_TEXT           CODE           AUTO           0000:d4d0       0000007e
istget_TEXT            CODE           AUTO           0000:d550       000000c0
ljmpdtor_TEXT          CODE           AUTO           0000:d610       000000af
istipfx_TEXT           CODE           AUTO           0000:d6c0       0000004f
main_DATA1             FAR_CONST      AUTO           0d71:0000       00000116
main_DATA2             FAR_CONST      AUTO           0d82:0006       000000ca
cppdata_DATA1          FAR_CONST      AUTO           0d8f:0000       00000000
fsregist_DATA1         FAR_CONST      AUTO           0d8f:0000       00000000
ioicout_DATA1          FAR_CONST      AUTO           0d8f:0000       00000076
ostincch_DATA1         FAR_CONST      AUTO           0d96:0006       00000000
opnewarr_DATA1         FAR_CONST      AUTO           0d97:0000       00000000
manhex_DATA1           FAR_CONST      AUTO           0d97:0000       00000000
ostiniom_DATA1         FAR_CONST      AUTO           0d97:0000       00000000
ostinulo_DATA1         FAR_CONST      AUTO           0d97:0000       00000000
ostincha_DATA1         FAR_CONST      AUTO           0d97:0000       00000000
flfoprot_DATA1         FAR_CONST      AUTO           0d97:0000       00000000
ofsconnm_DATA1         FAR_CONST      AUTO           0d97:0000       00000088
ioicerr_DATA1          FAR_CONST      AUTO           0da0:0000       00000036
ostwrite_DATA1         FAR_CONST      AUTO           0da3:0006       00000000
ofsdestr_DATA1         FAR_CONST      AUTO           0da4:0000       00000054
stabdtor_DATA1         FAR_CONST      AUTO           0da4:0060       00000000
ifsconnm_DATA1         FAR_CONST      AUTO           0daa:0000       00000088
istread_DATA1          FAR_CONST      AUTO           0daa:0088       00000000
ifsdestr_DATA1         FAR_CONST      AUTO           0db3:0000       00000050
opdelarr_DATA1         FAR_CONST      AUTO           0db3:0050       00000000
opdel_DATA1            FAR_CONST      AUTO           0db3:0050       00000000
opnew_DATA1            FAR_CONST      AUTO           0db3:0050       00000000
undefed_DATA1          FAR_CONST      AUTO           0db3:0050       00000000
undefed_DATA1          FAR_CONST      AUTO           0db8:0000       0000002c
undefmbd_DATA1         FAR_CONST      AUTO           0dbb:0000       00000000
fsroot_DATA1           FAR_CONST      AUTO           0dbb:0000       00000000
stabdisp_DATA1         FAR_CONST      AUTO           0dbb:0000       00000000
sdfconfp_DATA1         FAR_CONST      AUTO           0dbb:0000       00000044
stablcl_DATA1          FAR_CONST      AUTO           0dc0:0000       00000000
ostconsf_DATA1         FAR_CONST      AUTO           0dc0:0000       00000040
ostflush_DATA1         FAR_CONST      AUTO           0dc0:0040       00000000
ostdestr_DATA1         FAR_CONST      AUTO           0dc4:0000       0000002c
sdfdestr_DATA1         FAR_CONST      AUTO           0dc4:0030       0000002c
moddtorr_DATA1         FAR_CONST      AUTO           0dc4:0060       00000000
ostopfx_DATA1          FAR_CONST      AUTO           0dca:0000       00000000
iouwrtit_DATA1         FAR_CONST      AUTO           0dca:0000       00000000
iossetst_DATA1         FAR_CONST      AUTO           0dca:0000       00000056
ioufgtba_DATA1         FAR_CONST      AUTO           0dcf:0006       00000000
ostadpre_DATA1         FAR_CONST      AUTO           0dcf:0006       00000000
pure_err_DATA1         FAR_CONST      AUTO           0dd0:0000       00000000
pure_err_DATA1         FAR_CONST      AUTO           0dd0:0000       0000001e
ostdlshf_DATA1         FAR_CONST      AUTO           0dd1:000e       00000000
fsbconnm_DATA1         FAR_CONST      AUTO           0dd1:000e       00000052
ostconde_DATA1         FAR_CONST      AUTO           0dd1:0060       00000000
iosconde_DATA1         FAR_CONST      AUTO           0dd1:0060       00000012
fsbdestr_DATA1         FAR_CONST      AUTO           0dd9:0000       00000056
iosdestr_DATA1         FAR_CONST      AUTO           0dd9:0060       00000036
stfdspun_DATA1         FAR_CONST      AUTO           0de2:0006       00000000
vfun_err_DATA1         FAR_CONST      AUTO           0de3:0000       00000000
vfun_err_DATA1         FAR_CONST      AUTO           0de3:0000       00000032
dtorarst_DATA1         FAR_CONST      AUTO           0de7:0000       00000000
stabtrav_DATA1         FAR_CONST      AUTO           0de7:0000       00000000
callterm_DATA1         FAR_CONST      AUTO           0de7:0000       00000000
callterm_DATA1         FAR_CONST      AUTO           0de7:0000       0000001f
allocexc_DATA1         FAR_CONST      AUTO           0de9:0000       00000046
allocexc_DATA1         FAR_CONST      AUTO           0ded:0006       0000002b
stabadt_DATA1          FAR_CONST      AUTO           0df1:0000       00000026
istconde_DATA1         FAR_CONST      AUTO           0df3:0006       0000002c
istdestr_DATA1         FAR_CONST      AUTO           0df7:0000       00000046
stfdsgtn_DATA1         FAR_CONST      AUTO           0dfb:0006       00000000
istdipfx_DATA1         FAR_CONST      AUTO           0dfb:0006       00000000
istdread_DATA1         FAR_CONST      AUTO           0dfb:0006       00000000
fatalerr_DATA1         FAR_CONST      AUTO           0dfc:0000       00000000
tsequiv_DATA1          FAR_CONST      AUTO           0dfc:0000       00000000
stfpbfai_DATA1         FAR_CONST      AUTO           0dfc:0000       00000000
sdfoverf_DATA1         FAR_CONST      AUTO           0dfc:0000       00000000
sdfundrf_DATA1         FAR_CONST      AUTO           0dfc:0000       00000000
stfsbuf_DATA1          FAR_CONST      AUTO           0dfc:0000       00000000
stfseeko_DATA1         FAR_CONST      AUTO           0dfc:0000       00000000
stfseekp_DATA1         FAR_CONST      AUTO           0dfc:0000       00000000
sdfsync_DATA1          FAR_CONST      AUTO           0dfc:0000       00000000
stfdoall_DATA1         FAR_CONST      AUTO           0dfc:0000       00000000
stfconde_DATA1         FAR_CONST      AUTO           0dfc:0000       0000003a
stabmod_DATA1          FAR_CONST      AUTO           0e00:0000       00000000
iosinit_DATA1          FAR_CONST      AUTO           0e00:0000       00000000
stfsync_DATA1          FAR_CONST      AUTO           0e00:0000       00000000
stfdestr_DATA1         FAR_CONST      AUTO           0e00:0000       00000000
iosfail_DATA1          FAR_CONST      AUTO           0e00:0000       00000000
stabthrw_DATA1         FAR_CONST      AUTO           0e00:0000       000001da
stabthrw_DATA1         FAR_CONST      AUTO           0e1d:000a       000001a4
flfconde_DATA1         FAR_CONST      AUTO           0e37:000e       00000044
flfopen_DATA1          FAR_CONST      AUTO           0e37:0052       00000000
flfdestr_DATA1         FAR_CONST      AUTO           0e3d:0000       00000046
ioufrxal_DATA1         FAR_CONST      AUTO           0e41:0006       00000000
bittest_DATA1          FAR_CONST      AUTO           0e42:0000       00000000
termnate_DATA1         FAR_CONST      AUTO           0e42:0000       00000000
termnate_DATA1         FAR_CONST      AUTO           0e42:0000       00000022
exc_pr_DATA1           FAR_CONST      AUTO           0e45:0000       00000000
areaexc_DATA1          FAR_CONST      AUTO           0e45:0000       00000000
tssize_DATA1           FAR_CONST      AUTO           0e45:0000       00000000
manws_DATA1            FAR_CONST      AUTO           0e45:0000       00000000
stfsetb_DATA1          FAR_CONST      AUTO           0e45:0000       00000000
unexpect_DATA1         FAR_CONST      AUTO           0e45:0000       0000000a
unexpect_DATA1         FAR_CONST      AUTO           0e45:000a       00000023
stabinit_DATA1         FAR_CONST      AUTO           0e48:0000       00000000
ljmpinit_DATA1         FAR_CONST      AUTO           0e48:0000       00000000
flfpbfai_DATA1         FAR_CONST      AUTO           0e48:0000       00000000
flfoverf_DATA1         FAR_CONST      AUTO           0e48:0000       00000000
flfundrf_DATA1         FAR_CONST      AUTO           0e48:0000       00000000
flfsetbf_DATA1         FAR_CONST      AUTO           0e48:0000       00000000
flfseeko_DATA1         FAR_CONST      AUTO           0e48:0000       00000000
flfsync_DATA1          FAR_CONST      AUTO           0e48:0000       00000000
flfclose_DATA1         FAR_CONST      AUTO           0e48:0000       00000000
istpeek_DATA1          FAR_CONST      AUTO           0e48:0000       00000000
istget_DATA1           FAR_CONST      AUTO           0e48:0000       00000000
ljmpdtor_DATA1         FAR_CONST      AUTO           0e48:0000       00000000
istipfx_DATA1          FAR_CONST      AUTO           0e48:0000       00000000
main_DATA3             FAR_DATA       AUTO           0e48:0000       0000006e
ioicout_DATA1          FAR_DATA       AUTO           0e48:006e       00000063
ofsconnm_DATA1         FAR_DATA       AUTO           0e48:00d1       00000028
ioicerr_DATA1          FAR_DATA       AUTO           0e48:00f9       0000003f
ofsdestr_DATA1         FAR_DATA       AUTO           0e48:0138       00000000
ifsconnm_DATA1         FAR_DATA       AUTO           0e48:0138       00000014
ifsdestr_DATA1         FAR_DATA       AUTO           0e48:014c       00000000
FAR_DATA               FAR_DATA       AUTO           0e48:014c       00000000
sdfconfp_DATA1         FAR_DATA       AUTO           0e48:014c       00000016
ostconsf_DATA1         FAR_DATA       AUTO           0e48:0162       00000000
ostdestr_DATA1         FAR_DATA       AUTO           0e48:0162       00000000
sdfdestr_DATA1         FAR_DATA       AUTO           0e48:0162       00000000
iossetst_DATA1         FAR_DATA       AUTO           0e48:0162       00000033
fsbconnm_DATA1         FAR_DATA       AUTO           0e48:0195       00000000
ostconde_DATA1         FAR_DATA       AUTO           0e48:0195       00000000
iosconde_DATA1         FAR_DATA       AUTO           0e48:0195       00000000
fsbdestr_DATA1         FAR_DATA       AUTO           0e48:0195       00000000
iosdestr_DATA1         FAR_DATA       AUTO           0e48:0195       00000000
allocexc_DATA2         FAR_DATA       AUTO           0e48:0195       00000014
stabadt_DATA1          FAR_DATA       AUTO           0e48:01a9       00000011
istconde_DATA1         FAR_DATA       AUTO           0e48:01ba       00000000
istdestr_DATA1         FAR_DATA       AUTO           0e48:01ba       00000000
stfconde_DATA1         FAR_DATA       AUTO           0e48:01ba       00000000
stfdestr_DATA1         FAR_DATA       AUTO           0e48:01ba       00000000
stabthrw_DATA2         FAR_DATA       AUTO           0e48:01ba       00000068
flfconde_DATA1         FAR_DATA       AUTO           0e48:0222       00000014
flfdestr_DATA1         FAR_DATA       AUTO           0e48:0236       00000000
unexpect_DATA2         FAR_DATA       AUTO           0e48:0236       00000000
_NULL                  BEGDATA        DGROUP         0e6c:0000       00000020
_AFTERNULL             BEGDATA        DGROUP         0e6e:0000       00000002
CONST                  DATA           DGROUP         0e6e:0002       000000c2
CONST2                 DATA           DGROUP         0e7b:0000       0000030c
_DATA                  DATA           DGROUP         0eac:0000       00002484
XIB                    DATA           DGROUP         10f4:0004       00000000
XI                     DATA           DGROUP         10f4:0004       00000036
XIE                    DATA           DGROUP         10f7:000a       00000000
YIB                    DATA           DGROUP         10f7:000a       00000000
YI                     DATA           DGROUP         10f7:000a       00000018
YIE                    DATA           DGROUP         10f9:0002       00000000
STRINGS                DATA           DGROUP         10f9:0002       00000000
DATA                   DATA           DGROUP         10f9:0002       00000000
_BSS                   BSS            DGROUP         10fa:0000       0000024e
STACK                  STACK          DGROUP         111f:0000       00000800


                        +----------------+
                        |   Memory Map   |
                        +----------------+

* = unreferenced symbol
+ = symbol only referenced locally

Address        Symbol
=======        ======

Module: main.obj(C:\Users\ifkno\DOSBOX\DOS16\GAMELIFE\main.cpp)
0000:13cf+     std::streambuf __far * __far std::ios::rdbuf() const
0000:0000+     void __far hga::cls( char unsigned )
0000:0046+     void __far hga::swap_buffers()
0000:0080+     void __far hga::select_buffer( char unsigned )
0000:00c3+     void __far hga::text_mode()
0000:011f+     void __far hga::graphics_mode()
0000:0181+     short unsigned __far hga::read_light_pen_registers()
0000:01e9+     hga::video_mode_t __far hga::detect_mode()
0000:0227+     void __far hga::screen_bound::write_pixel( short unsigned, short unsigned, char unsigned, char unsigned )
0000:02c4+     void __far hga::screen_bound::plot_point( long unsigned, char unsigned )
0000:036e+     void __far hga::screen_bound::unplot_point( long unsigned, char unsigned )
0000:0418+     void __far hga::screen_bound::plot_multi_point( long unsigned const __far *, short unsigned, char unsigned )
0000:140d+     __far jtl::point_vector_2d<256>::point_vector_2d()
0000:149f+     __far jtl::point_vector_2d<256>::~point_vector_2d()
0000:151a+     std::ostream __far & __far operator <<256><( std::ostream __far &, jtl::point_vector_2d<256> const __far & )
0000:15f8+     __far std::allocator<char __far >::~allocator()
0000:1631+     __far std::basic_string<char __far,std::char_traits<char __far > __far,std::allocator<char __far > __far >::basic_string( std::basic_string<char __far,std::char_traits<char __far > __far,std::allocator<char __far > __far > const __far & )
0000:179e+     __far std::basic_string<char __far,std::char_traits<char __far > __far,std::allocator<char __far > __far >::basic_string( char const __far *, std::allocator<char __far > const __far & )
0000:1926+     __far std::basic_string<char __far,std::char_traits<char __far > __far,std::allocator<char __far > __far >::~basic_string()
0000:1a27+     __far jtl::data_vector<long unsigned __far,256>::data_vector()
0000:1a86+     __far jtl::data_vector<long unsigned __far,256>::~data_vector()
0000:1ad2+     short unsigned __far jtl::checksum<long unsigned __far,short unsigned __far >( long unsigned __far *, short unsigned )
0e6c:02f0+     int unsigned const __far std::basic_string<char __far,std::char_traits<char __far > __far,std::allocator<char __far > __far >::npos
0000:1b28+     char __far * __far std::basic_string<char __far,std::char_traits<char __far > __far,std::allocator<char __far > __far >::alloc( int unsigned, int unsigned __far & )
0000:04b9+     void __far hga::screen_bound::unplot_multi_point( long unsigned const __far *, short unsigned, char unsigned )
0000:055a+     void __far test_point_vector_2d::run()
0000:13a3      main_
0e6c:0440+     char __far dos::error::messages[][64]
0e6c:1980+     char __far dos::error::classes[][64]
0e6c:1d80+     char __far dos::error::actions[][64]
0e6c:1f80+     char __far dos::error::locus[][64]
0e6c:28e1+     char unsigned __far hga::active_buffer
0e6c:28e2+     jtl::nullptr_t __far nullptr
Module: C:\WATCOM\lib286\dos\clibl.lib(stk086.asm)
0000:1c55      __STK
0000:1c75      __STKOVERFLOW_
Module: C:\WATCOM\lib286\plbxl.lib(cppdata.cpp)
0e6c:28e4      __wint_thread_data
0e6c:2908      __compiled_under_generic
Module: C:\WATCOM\lib286\plbxl.lib(fsregist.cpp)
0000:7e70+     __wcpp_4_dispatch_dummy__
0000:7eaa      __wcpp_4_fs_lookup__
0000:7fc0      __wcpp_4_fs_handler_rtn__
0000:8144      __wcpp_4_unwind_global__
0000:81c4      __wcpp_4_raise_exception__
Module: C:\WATCOM\lib286\plbxl.lib(ioicout.cpp)
0e6c:2948      std::ostream __near std::cout
0000:827e+     __far cout_initfini::cout_initfini()
0000:828c+     __far cout_initfini::~cout_initfini()
Module: C:\WATCOM\lib286\plbxl.lib(ostincch.cpp)
0000:82d0      std::ostream __far & __far std::ostream::operator <<( char const __far * )
Module: C:\WATCOM\lib286\plbxl.lib(opnewarr.cpp)
0000:8390      void __far * __far operator new []( int unsigned )
Module: C:\WATCOM\lib286\plbxl.lib(manhex.cpp)
0000:83a0      std::ios __far & __far std::hex( std::ios __far & )
Module: C:\WATCOM\lib286\plbxl.lib(ostiniom.cpp)
0000:83b0      std::ostream __far & __far std::ostream::operator <<( std::ios __far & (__far *)())
Module: C:\WATCOM\lib286\plbxl.lib(ostinulo.cpp)
0000:83e0      std::ostream __far & __far std::ostream::operator <<( long unsigned )
Module: C:\WATCOM\lib286\plbxl.lib(ostincha.cpp)
0000:8560      std::ostream __far & __far std::ostream::operator <<( char )
Module: C:\WATCOM\lib286\dos\clibl.lib(assert99.c)
0000:1c92      _assert99_
0000:1e2f*     __assert99_
Module: C:\WATCOM\lib286\plbxl.lib(flfoprot.cpp)
0e6c:02f8      int const __far std::filebuf::openprot
Module: C:\WATCOM\lib286\plbxl.lib(ofsconnm.cpp)
0000:8670      __far std::ofstream::ofstream( char const __far *, int, int )
Module: C:\WATCOM\lib286\plbxl.lib(ioicerr.cpp)
0e6c:29b8      std::ostream __near std::cerr
0000:882e+     __far cerr_initfini::cerr_initfini()
0000:8846+     __far cerr_initfini::~cerr_initfini()
Module: C:\WATCOM\lib286\plbxl.lib(ostwrite.cpp)
0000:8860      std::ostream __far & __far std::ostream::write( char const __far *, int )
Module: C:\WATCOM\lib286\plbxl.lib(ofsdestr.cpp)
0000:89a0      __far std::ofstream::~ofstream()
Module: C:\WATCOM\lib286\plbxl.lib(stabdtor.cpp)
0000:8e24      __wcpp_4_destruct_internal__
0000:8e42      __wcpp_4_destruct_all__
0000:8e44      __wcpp_4_destruct__
Module: C:\WATCOM\lib286\plbxl.lib(ifsconnm.cpp)
0000:8e80      __far std::ifstream::ifstream( char const __far *, int, int )
Module: C:\WATCOM\lib286\plbxl.lib(istread.cpp)
0000:8fd0      std::istream __far & __far std::istream::read( char __far *, int )
Module: C:\WATCOM\lib286\plbxl.lib(ifsdestr.cpp)
0000:90c0      __far std::ifstream::~ifstream()
Module: C:\WATCOM\lib286\dos\clibl.lib(getchar.c)
0000:1e64      getchar_
Module: C:\WATCOM\lib286\plbxl.lib(opdelarr.cpp)
0000:91e0      void __far operator delete []( void __far * )
Module: C:\WATCOM\lib286\dos\clibl.lib(memcpy.c)
0000:1ea5      memcpy_
Module: C:\WATCOM\lib286\dos\clibl.lib(strlen.c)
0000:1ec7      strlen_
Module: C:\WATCOM\lib286\plbxl.lib(opdel.cpp)
0000:91f0      void __far operator delete( void __far * )
Module: C:\WATCOM\lib286\plbxl.lib(opnew.cpp)
0000:9200      void __far * __far operator new( int unsigned )
Module: C:\WATCOM\lib286\plbxl.lib(undefed.cpp)
0000:9280      __wcpp_4_undefed_cdtor__
Module: C:\WATCOM\lib286\plbxl.lib(undefmbd.cpp)
0e6c:29e6      ___wcpp_4_data_undefined_member_data_
Module: C:\WATCOM\lib286\dos\clibl.lib(cstart)
0e6c:0000*     __nullarea
0e6c:2104*     __ovlflag
0e6c:2105*     __intno
0e6c:2106*     __ovlvec
0000:1edc      _cstart_
0000:1faf*     _Not_Enough_Memory_
0000:20e1      __exit_
0000:20fe      __do_exit_with_msg__
0000:2157      __GETDS
Module: C:\WATCOM\lib286\dos\clibl.lib(cmodel.asm)
0000:2162      _big_code_
0000:2162*     CodeModelMismatch
Module: C:\WATCOM\lib286\plbxl.lib(fsroot.cpp)
0e6c:2896      ___wcpp_4_data_init_fs_root_
Module: C:\WATCOM\lib286\dos\clibl.lib(xmsg.c)
0000:2162      __exit_with_msg_
0000:2167      __fatal_runtime_error_
Module: C:\WATCOM\lib286\dos\clibl.lib(crwdata)
0e6c:210a      __curbrk
0e6c:2112      __STACKLOW
0e6c:2114      __STACKTOP
0e6c:2116      __cbyte
0e6c:2118      __child
0e6c:211a      __no87
0e6c:2127      ___FPE_handler
0e6c:210c      __psp
0e6c:211b      __get_ovl_stack
0e6c:211f      __restore_ovl_stack
0e6c:2123      __close_ovl_file
0e6c:212b      __LpCmdLine
0e6c:212f      __LpPgmName
0e6c:210e      __osmajor
0e6c:210f      __osminor
0e6c:2110      __osmode
0e6c:2111      __HShift
Module: C:\WATCOM\lib286\plbxl.lib(stabdisp.cpp)
0000:958c      __wcpp_4_dispatchable__
Module: C:\WATCOM\lib286\dos\clibl.lib(iobaddr.c)
0000:2182      __get_std_stream_
0000:2182*     __get_std_file_
Module: C:\WATCOM\lib286\plbxl.lib(sdfconfp.cpp)
0000:9610      __far stdiobuf::stdiobuf( __iobuf __far * )
Module: C:\WATCOM\lib286\plbxl.lib(stablcl.cpp)
0000:9630      __wcpp_4_lcl_register__
Module: C:\WATCOM\lib286\plbxl.lib(ostconsf.cpp)
0000:9640      __far std::ostream::ostream( std::streambuf __far * )
Module: C:\WATCOM\lib286\plbxl.lib(ostflush.cpp)
0000:9740      std::ostream __far & __far std::ostream::flush()
Module: C:\WATCOM\lib286\plbxl.lib(ostdestr.cpp)
0000:97a0      __far std::ostream::~ostream()
Module: C:\WATCOM\lib286\plbxl.lib(sdfdestr.cpp)
0000:98a0      __far stdiobuf::~stdiobuf()
Module: C:\WATCOM\lib286\plbxl.lib(moddtorr.cpp)
0e6c:28ba      ___wcpp_4_data_module_dtor_ref_
Module: C:\WATCOM\lib286\plbxl.lib(ostopfx.cpp)
0000:99a0      int __far std::ostream::do_opfx()
Module: C:\WATCOM\lib286\plbxl.lib(iouwrtit.cpp)
0000:9a20      int __far __WATCOM_ios::writeitem( std::ostream __far &, char const __far *, int, int )
Module: C:\WATCOM\lib286\plbxl.lib(iossetst.cpp)
0000:9df0+     __far std::ios::failure::failure( std::ios::failure const __far & )
0000:9e00+     __far std::ios::failure::~failure()
0000:9e10+     __far __WATCOM_exception::__WATCOM_exception( __WATCOM_exception const __far & )
0000:9e20+     __far __WATCOM_exception::~__WATCOM_exception()
0000:9db0      void __far std::ios::setstate( int )
Module: C:\WATCOM\lib286\plbxl.lib(ioufgtba.cpp)
0000:9e30      int __far __FlagsToBase( long )
Module: C:\WATCOM\lib286\plbxl.lib(ostadpre.cpp)
0000:9e50      void __far __AddPrefix( char, char __far *, int __far &, int, long )
Module: C:\WATCOM\lib286\dos\clibl.lib(ltoa.c)
0000:21a0      ultoa_
0000:220f*     ltoa_
Module: C:\WATCOM\lib286\dos\clibl.lib(strupr.c)
0000:223e      strupr_
Module: C:\WATCOM\lib286\plbxl.lib(pure_err.cpp)
0000:9ed0      __wcpp_4_pure_error__
Module: C:\WATCOM\lib286\plbxl.lib(ostdlshf.cpp)
0000:9f00      std::ostream __far & __far std::ostream::do_lshift( char )
Module: C:\WATCOM\lib286\dos\clibl.lib(_snprint.c)
0000:2292+     _vsnprintf_
0000:22f7      _snprintf_
Module: C:\WATCOM\lib286\dos\clibl.lib(enterdb.c)
0000:2326      __EnterWVIDEO_
0e6c:2134      ___WD_Present
Module: C:\WATCOM\lib286\dos\clibl.lib(stack086.c)
0000:234a      stackavail_
Module: C:\WATCOM\lib286\dos\clibl.lib(sprintf.c)
0000:2358      sprintf_
Module: C:\WATCOM\lib286\dos\clibl.lib(rterrmsg.c)
0000:2387      __rterr_msg_
Module: C:\WATCOM\lib286\dos\clibl.lib(abort.c)
0000:23ba      abort_
0000:23d6+     __terminate_
0e6c:2136+     ___abort
Module: C:\WATCOM\lib286\plbxl.lib(fsbconnm.cpp)
0000:9f50      __far std::fstreambase::fstreambase( char const __far *, int, int )
Module: C:\WATCOM\lib286\plbxl.lib(ostconde.cpp)
0000:a0b0      __far std::ostream::ostream()
Module: C:\WATCOM\lib286\plbxl.lib(iosconde.cpp)
0000:a110      __far std::ios::ios()
Module: C:\WATCOM\lib286\plbxl.lib(fsbdestr.cpp)
0000:a130      __far std::fstreambase::~fstreambase()
Module: C:\WATCOM\lib286\plbxl.lib(iosdestr.cpp)
0000:a240      __far std::ios::~ios()
Module: C:\WATCOM\lib286\plbxl.lib(stfdspun.cpp)
0000:a300      int __far std::streambuf::do_sputn( char const __far *, int )
Module: C:\WATCOM\lib286\plbxl.lib(vfun_err.cpp)
0000:a3f0      __wcpp_4_undef_vfun__
Module: C:\WATCOM\lib286\plbxl.lib(dtorarst.cpp)
0000:a420      __wcpp_4_dtor_array_store__
Module: C:\WATCOM\lib286\plbxl.lib(stabtrav.cpp)
0000:a450      __wcpp_4_stab_entry__
0000:a46a*     __wcpp_4_stab_trav_comp__
0000:a58e      __wcpp_4_stab_trav_init__
0000:a5bc      __wcpp_4_stab_trav_next__
0000:a632      __wcpp_4_stab_trav_move__
Module: C:\WATCOM\lib286\plbxl.lib(callterm.cpp)
0000:a650      __wcpp_4_corrupted_stack__
0000:a65c      __wcpp_4_call_terminate__
Module: C:\WATCOM\lib286\plbxl.lib(allocexc.cpp)
0000:a6a2      __wcpp_4_alloc_exc__
0000:a98e      __wcpp_4_free_exc__
0000:aa02      __wcpp_4_find_active__
0000:aa6c      __wcpp_4_dtor_free_exc__
Module: C:\WATCOM\lib286\plbxl.lib(stabadt.cpp)
0000:ab80+     void __far * __far dtor_the_array( _RTARCTOR __far * )
0000:abf0+     __far _RTARCTOR::~_RTARCTOR()
0000:ac10      __wcpp_4_dtor_array__
Module: C:\WATCOM\lib286\plbxl.lib(istconde.cpp)
0000:acb0      __far std::istream::istream()
Module: C:\WATCOM\lib286\plbxl.lib(istdestr.cpp)
0000:ad40      __far std::istream::~istream()
Module: C:\WATCOM\lib286\plbxl.lib(stfdsgtn.cpp)
0000:ae40      int __far std::streambuf::do_sgetn( char __far *, int )
Module: C:\WATCOM\lib286\plbxl.lib(istdipfx.cpp)
0000:aee0      int __far std::istream::do_ipfx( int )
Module: C:\WATCOM\lib286\plbxl.lib(istdread.cpp)
0000:af90      std::istream __far & __far std::istream::do_read( char __far *, int )
Module: C:\WATCOM\lib286\dos\clibl.lib(iob.c)
0e6c:213a      ___iob
0e6c:29e8      ___OpenStreams
0e6c:29ec      ___ClosedStreams
Module: C:\WATCOM\lib286\dos\clibl.lib(fgetc.c)
0000:23e6+     __fill_buffer_
0000:24db      fgetc_
Module: C:\WATCOM\lib286\dos\clibl.lib(ffree.c)
0000:2585      _ffree_
0000:2585      free_
Module: C:\WATCOM\lib286\dos\clibl.lib(fmalloc.c)
0000:25cd      _fmalloc_
0000:25cd      malloc_
0e6c:22a2+     ___fheapbeg
0e6c:22a4      ___fheapRover
0e6c:22a6      ___LargestSizeB4Rover
Module: C:\WATCOM\lib286\plbxl.lib(fatalerr.cpp)
0000:b070      __wcpp_4_fatal_runtime_error__
Module: C:\WATCOM\lib286\dos\clibl.lib(cmain086.c)
0000:26dd      __CMain
Module: C:\WATCOM\lib286\dos\clibl.lib(initrtns.c)
0000:2738      __InitRtns
0000:2738*     __FInitRtns
0000:2793      __FiniRtns
0000:2793*     __FFiniRtns
Module: C:\WATCOM\lib286\dos\clibl.lib(uselfn.c)
0e6c:22a8      ___uselfn
Module: C:\WATCOM\lib286\dos\clibl.lib(dosseg)
0000:27f8      __DOSseg__
Module: C:\WATCOM\lib286\plbxl.lib(tsequiv.cpp)
0000:b090      __wcpp_4_ts_refed__
0000:b0ae+     __wcpp_4_ts_pnted__
0000:b0d8      __wcpp_4_ts_equiv__
Module: C:\WATCOM\lib286\plbxl.lib(stfpbfai.cpp)
0000:b270      int __far std::streambuf::pbackfail( int )
Module: C:\WATCOM\lib286\plbxl.lib(sdfoverf.cpp)
0000:b280      int __far stdiobuf::overflow( int )
Module: C:\WATCOM\lib286\plbxl.lib(sdfundrf.cpp)
0000:b470      int __far stdiobuf::underflow()
Module: C:\WATCOM\lib286\plbxl.lib(stfsbuf.cpp)
0000:b600      std::streambuf __far * __far std::streambuf::setbuf( char __far *, int )
Module: C:\WATCOM\lib286\plbxl.lib(stfseeko.cpp)
0000:b690      long __far std::streambuf::seekoff( long, int, int )
Module: C:\WATCOM\lib286\plbxl.lib(stfseekp.cpp)
0000:b6a0      long __far std::streambuf::seekpos( long, int )
Module: C:\WATCOM\lib286\plbxl.lib(sdfsync.cpp)
0000:b6d0      int __far stdiobuf::sync()
Module: C:\WATCOM\lib286\plbxl.lib(stfdoall.cpp)
0000:b700      int __far std::streambuf::doallocate()
Module: C:\WATCOM\lib286\plbxl.lib(stfconde.cpp)
0000:b740      __far std::streambuf::streambuf()
Module: C:\WATCOM\lib286\plbxl.lib(stabmod.cpp)
0000:b7b0      __wcpp_4_module_dtor__
0000:b806      __wcpp_4_mod_register__
Module: C:\WATCOM\lib286\plbxl.lib(iosinit.cpp)
0000:b830      void __far std::ios::init( std::streambuf __far * )
Module: C:\WATCOM\lib286\plbxl.lib(stfsync.cpp)
0000:b8a0      int __far std::streambuf::sync()
Module: C:\WATCOM\lib286\plbxl.lib(stfdestr.cpp)
0000:b8d0      __far std::streambuf::~streambuf()
Module: C:\WATCOM\lib286\dos\clibl.lib(flush.c)
0000:27f9      __flush_
Module: C:\WATCOM\lib286\plbxl.lib(iosfail.cpp)
0000:b900      __far std::ios::failure::failure( int )
Module: C:\WATCOM\lib286\plbxl.lib(stabthrw.cpp)
0000:c1e0+     __far std::exception::exception()
0000:c240+     __far std::exception::exception( std::exception const __far & )
0000:c2c0+     __far std::exception::exception( char const __far * )
0000:c320+     __far std::exception::~exception()
0000:c3c0+     char const __far * __far std::exception::what() const
0000:c430+     __far std::bad_exception::bad_exception()
0000:c4b0+     __far std::bad_exception::bad_exception( std::bad_exception const __far & )
0000:c510+     __far std::bad_exception::~bad_exception()
0000:c02e*     __wcpp_4_catch_done__
0000:c0c0      __wcpp_4_throw__
0000:c11c*     __wcpp_4_throw_zero__
0000:c17c*     __wcpp_4_rethrow__
Module: C:\WATCOM\lib286\dos\clibl.lib(alphabet.c)
0000:2931      ___Alphabet
Module: C:\WATCOM\lib286\plbxl.lib(prwdata.cpp)
0e6c:29f0      __wint_pure_error_flag
0e6c:29f2      __wint_undef_vfun_flag
0e6c:29f4      __wint_module_init
Module: C:\WATCOM\lib286\dos\clibl.lib(prtf.c)
0000:2956      __prtf_
Module: C:\WATCOM\lib286\dos\clibl.lib(vsprintf.c)
0000:3749      vsprintf_
Module: C:\WATCOM\lib286\dos\clibl.lib(fputs.c)
0000:3774      fputs_
Module: C:\WATCOM\lib286\plbxl.lib(flfconde.cpp)
0000:c600      __far std::filebuf::filebuf()
Module: C:\WATCOM\lib286\plbxl.lib(flfopen.cpp)
0000:c620      std::filebuf __far * __far std::filebuf::open( char const __far *, int, int )
Module: C:\WATCOM\lib286\plbxl.lib(flfdestr.cpp)
0000:c6e0      __far std::filebuf::~filebuf()
Module: C:\WATCOM\lib286\plbxl.lib(ioufrxal.cpp)
0000:c7e0      void __far __WATCOM_ios::free_xalloc_storage( std::ios __far * )
Module: C:\WATCOM\lib286\plbxl.lib(bittest.cpp)
0000:c820      __wcpp_4_bit_test__
0000:c844      __wcpp_4_bit_off__
Module: C:\WATCOM\lib286\plbxl.lib(termnate.cpp)
0000:c870      void __far std::terminate()
Module: C:\WATCOM\lib286\plbxl.lib(exc_pr.cpp)
0000:c8c0      __far _EXC_PR::_EXC_PR( _RTCTL __far *, RW_DTREG __far *, EXCSTATE )
0000:c944      __far _EXC_PR::~_EXC_PR()
0000:c964      __far _EXC_PR_FREE::_EXC_PR_FREE( _RTCTL __far *, RW_DTREG __far *, EXCSTATE, ACTIVE_EXC __far * )
0000:c992      __far _EXC_PR_FREE::~_EXC_PR_FREE()
0000:c9d4      __far _EXC_PR_DTOR::_EXC_PR_DTOR( _RTCTL __far *, RW_DTREG __far *, EXCSTATE, ACTIVE_EXC __far * )
0000:c9f6      __far _EXC_PR_FNEXC::_EXC_PR_FNEXC( _RTCTL __far *, RW_DTREG __far *, RW_DTREG __far *, ACTIVE_EXC __far * )
0000:ca44      __far _EXC_PR_FNEXC::~_EXC_PR_FNEXC()
0000:ca48      __far _EXC_PR_DTOR::~_EXC_PR_DTOR()
Module: C:\WATCOM\lib286\plbxl.lib(areaexc.cpp)
0e6c:22c0      ___EXC_AREA
Module: C:\WATCOM\lib286\plbxl.lib(tssize.cpp)
0000:ca92      __wcpp_4_ts_size__
Module: C:\WATCOM\lib286\plbxl.lib(manws.cpp)
0000:cad0      std::istream __far & __far std::ws( std::istream __far & )
Module: C:\WATCOM\lib286\dos\clibl.lib(initfile.c)
0000:3813      __InitFiles_
Module: C:\WATCOM\lib286\dos\clibl.lib(ioexit.c)
0000:396e*     fcloseall_
0000:3975      __full_io_exit_
Module: C:\WATCOM\lib286\dos\clibl.lib(flushall.c)
0000:397f      __flushall_
0000:39dc*     flushall_
Module: C:\WATCOM\lib286\dos\clibl.lib(gtche.c)
0000:39e1      getche_
Module: C:\WATCOM\lib286\dos\clibl.lib(ioalloc.c)
0000:39fb      __ioalloc_
Module: C:\WATCOM\lib286\dos\clibl.lib(qread.c)
0000:3a95      __qread_
Module: C:\WATCOM\lib286\dos\clibl.lib(errno.c)
0000:3ab5      __get_errno_ptr_
0e6c:29f8+     _errno
Module: C:\WATCOM\lib286\dos\clibl.lib(nmalloc.c)
0000:3abc      _nmalloc_
0e6c:26c0      ___nheapbeg
0e6c:26c2      ___MiniHeapRover
0e6c:26c4      ___LargestSizeB4MiniHeapRover
Module: C:\WATCOM\lib286\dos\clibl.lib(mem.c)
0000:3ba0      __MemAllocator
0000:3c66      __MemFree
Module: C:\WATCOM\lib286\dos\clibl.lib(nfree.c)
0000:3ddd      _nfree_
0e6c:29fa+     ___MiniHeapFreeRover
Module: C:\WATCOM\lib286\dos\clibl.lib(growseg.c)
0000:3eda      __GrowSeg_
Module: C:\WATCOM\lib286\dos\clibl.lib(allocseg.c)
0000:3fa8      __AllocSeg_
Module: C:\WATCOM\lib286\dos\clibl.lib(fmemneed.c)
0000:4047      __fmemneed_
Module: C:\WATCOM\lib286\dos\clibl.lib(heapgrow.c)
0000:404a*     _heapgrow_
0000:404a*     _fheapgrow_
0000:404b      _nheapgrow_
Module: C:\WATCOM\lib286\dos\clibl.lib(exit.c)
0000:40c2+     __null_int23_exit_
0000:40c3      exit_
0000:40db*     _exit_
0e6c:26c6+     ___int23_exit
0e6c:26ca+     ___FPE_handler_exit
Module: C:\WATCOM\lib286\dos\clibl.lib(___argc.c)
0e6c:29fc      ____Argv
0e6c:2a00      ____Argc
Module: C:\WATCOM\lib286\dos\clibl.lib(sgdef086)
0e6c:2884      __Start_XI
0e6c:28ba      __End_XI
0e6c:28ba      __Start_YI
0e6c:28d2      __End_YI
Module: C:\WATCOM\lib286\dos\clibl.lib(fwrite.c)
0000:40f6      fwrite_
Module: C:\WATCOM\lib286\dos\clibl.lib(memmove.c)
0000:42f4      memmove_
Module: C:\WATCOM\lib286\plbxl.lib(stfsetb.cpp)
0000:cb10      void __far std::streambuf::setb( char __far *, char __far *, int )
Module: C:\WATCOM\lib286\dos\clibl.lib(liballoc.c)
0000:436a      _plib_malloc_
0000:436f      _plib_free_
Module: C:\WATCOM\lib286\dos\clibl.lib(__lseek.c)
0000:4374      __lseek_
Module: C:\WATCOM\lib286\dos\clibl.lib(qwrit.c)
0000:43ae      __qwrite_
Module: C:\WATCOM\lib286\dos\clibl.lib(fsync.c)
0000:4410      fsync_
Module: C:\WATCOM\lib286\plbxl.lib(unexpect.cpp)
0000:cba0      void __far std::unexpected()
Module: C:\WATCOM\lib286\dos\clibl.lib(stjmp086.asm)
0000:4416*     _setjmp_
0000:446b      longjmp_
Module: C:\WATCOM\lib286\plbxl.lib(stabinit.cpp)
0000:cc30      __wcpp_4_exc_setup__
Module: C:\WATCOM\lib286\plbxl.lib(ljmpinit.cpp)
0e6c:28a8      ___wcpp_4_data_init_longjmp_
Module: C:\WATCOM\lib286\dos\clibl.lib(wctomb.c)
0000:44c8      wctomb_
Module: C:\WATCOM\lib286\dos\clibl.lib(itoa.c)
0000:44f1+     utoa_
0000:454e      itoa_
Module: C:\WATCOM\lib286\dos\clibl.lib(i4m.asm)
0000:4572      __I4M
0000:4572      __U4M
Module: C:\WATCOM\lib286\dos\clibl.lib(noefgfmt.c)
0e6c:26ce      ___EFG_printf
0e6c:26d2*     ___EFG_scanf
Module: C:\WATCOM\lib286\dos\clibl.lib(mbisdbcs.c)
0e6c:26d6      ___IsDBCS
Module: C:\WATCOM\lib286\dos\clibl.lib(mbislead.c)
0000:459a*     _ismbblead_
0e6c:2a02      ___MBCSIsTable
Module: C:\WATCOM\lib286\dos\clibl.lib(lltoa.c)
0000:45b6      ulltoa_
0000:469b*     lltoa_
Module: C:\WATCOM\lib286\dos\clibl.lib(fputc.c)
0000:46fd      fputc_
Module: C:\WATCOM\lib286\plbxl.lib(flfpbfai.cpp)
0000:cd70      int __far std::filebuf::pbackfail( int )
Module: C:\WATCOM\lib286\plbxl.lib(flfoverf.cpp)
0000:cea0      int __far std::filebuf::overflow( int )
Module: C:\WATCOM\lib286\plbxl.lib(flfundrf.cpp)
0000:d110      int __far std::filebuf::underflow()
Module: C:\WATCOM\lib286\plbxl.lib(flfsetbf.cpp)
0000:d290      std::streambuf __far * __far std::filebuf::setbuf( char __far *, int )
Module: C:\WATCOM\lib286\plbxl.lib(flfseeko.cpp)
0000:d320      long __far std::filebuf::seekoff( long, int, int )
Module: C:\WATCOM\lib286\plbxl.lib(flfsync.cpp)
0000:d3a0      int __far std::filebuf::sync()
Module: C:\WATCOM\lib286\dos\clibl.lib(plusopen.c)
0000:47d2      __plusplus_open_
Module: C:\WATCOM\lib286\plbxl.lib(flfclose.cpp)
0000:d480      std::filebuf __far * __far std::filebuf::close()
Module: C:\WATCOM\lib286\plbxl.lib(istpeek.cpp)
0000:d4d0      int __far std::istream::peek()
Module: C:\WATCOM\lib286\dos\clibl.lib(isspace.c)
0000:48b2      isspace_
Module: C:\WATCOM\lib286\plbxl.lib(istget.cpp)
0000:d550      int __far std::istream::get()
Module: C:\WATCOM\lib286\dos\clibl.lib(fclose.c)
0000:48db+     __doclose_
0000:499f      __shutdown_stream_
0000:49b9*     fclose_
0e6c:2b04+     ___RmTmpFileFn
Module: C:\WATCOM\lib286\dos\clibl.lib(freefp.c)
0000:4a04      __freefp_
0000:4a79      __purgefp_
Module: C:\WATCOM\lib286\dos\clibl.lib(chktty.c)
0000:4ab5      __chktty_
Module: C:\WATCOM\lib286\dos\clibl.lib(dosret.c)
0000:4ae0*     __dosretax
0000:4ae5*     __dosret0
0000:4aec      __set_errno_dos_
0000:4b78*     __set_errno_dos_reterr_
Module: C:\WATCOM\lib286\dos\clibl.lib(nmemneed.c)
0000:4b83      __nmemneed_
Module: C:\WATCOM\lib286\dos\clibl.lib(grownear.c)
0000:4c05      __LastFree_
0000:4c7d      __ExpandDGROUP_
Module: C:\WATCOM\lib286\dos\clibl.lib(heapen.c)
0000:4d82*     _heapenable_
0e6c:26ec      ___heap_enabled
Module: C:\WATCOM\lib286\dos\clibl.lib(amblksiz.c)
0e6c:26ee      __amblksiz
Module: C:\WATCOM\lib286\dos\clibl.lib(iomode.c)
0000:4d93      __GetIOMode_
0000:4db8      __SetIOMode_nogrow_
0e6c:26f0      ___NFiles
0e6c:26f2      ___init_mode
0e6c:271a      ___io_mode
Module: C:\WATCOM\lib286\dos\clibl.lib(filedos.c)
0000:4ddb*     _dos_close_
0000:4de9      _dos_commit_
Module: C:\WATCOM\lib286\dos\clibl.lib(ljmphdl.c)
0e6c:271e      ___longjmp_handler
Module: C:\WATCOM\lib286\plbxl.lib(ljmpdtor.cpp)
0000:d6b8      __wcpp_4_lj_handler__
Module: C:\WATCOM\lib286\dos\clibl.lib(mbinit.c)
0000:4e66      __mbinit_
0e6c:2722      ___MBCodePage
Module: C:\WATCOM\lib286\dos\clibl.lib(lseek.c)
0000:4f20      lseek_
Module: C:\WATCOM\lib286\dos\clibl.lib(write.c)
0000:508d      write_
Module: C:\WATCOM\lib286\dos\clibl.lib(tell.c)
0000:527d      tell_
Module: C:\WATCOM\lib286\dos\clibl.lib(read.c)
0000:528e      read_
Module: C:\WATCOM\lib286\dos\clibl.lib(stat.c)
0000:5405      stat_
Module: C:\WATCOM\lib286\dos\clibl.lib(open.c)
0000:5905      open_
0000:593c      sopen_
Module: C:\WATCOM\lib286\dos\clibl.lib(close.c)
0000:5969      close_
Module: C:\WATCOM\lib286\plbxl.lib(istipfx.cpp)
0000:d6c0      int __far std::istream::ipfx( int )
Module: C:\WATCOM\lib286\dos\clibl.lib(istable.c)
0e6c:02fa      __IsTable
Module: C:\WATCOM\lib286\dos\clibl.lib(_clse.c)
0000:596e      __close_
Module: C:\WATCOM\lib286\dos\clibl.lib(isatt.c)
0000:59a6      isatty_
Module: C:\WATCOM\lib286\dos\clibl.lib(doserrno.c)
0000:59c2      __get_doserrno_ptr_
0e6c:2b08+     __doserrno
Module: C:\WATCOM\lib286\dos\clibl.lib(sbrk.c)
0000:59c9      __brk_
0000:5a30*     sbrk_
Module: C:\WATCOM\lib286\dos\clibl.lib(error086.asm)
0000:5a40      __doserror_
0000:5a4e      __doserror1_
Module: C:\WATCOM\lib286\dos\clibl.lib(iomodtty.c)
0000:5a5a      __ChkTTYIOMode_
0000:5a98*     __IOMode_
Module: C:\WATCOM\lib286\dos\clibl.lib(mbschr.c)
0000:5aa8      _mbschr_
Module: C:\WATCOM\lib286\dos\clibl.lib(mbscmp.c)
0000:5b2e      _mbscmp_
Module: C:\WATCOM\lib286\dos\clibl.lib(mbspbrk.c)
0000:5bc7      _mbspbrk_
Module: C:\WATCOM\lib286\dos\clibl.lib(fullpath.c)
0000:5edd      _fullpath_
Module: C:\WATCOM\lib286\dos\clibl.lib(gtcwd.c)
0000:5fa3      getcwd_
Module: C:\WATCOM\lib286\dos\clibl.lib(chdir.c)
0000:6051      chdir_
Module: C:\WATCOM\lib286\dos\clibl.lib(finddos.c)
0000:6060      _dos_findfirst_
0000:6093*     _dos_findnext_
0000:60a6      _dos_findclose_
Module: C:\WATCOM\lib286\dos\clibl.lib(fstat.c)
0000:60a9      fstat_
Module: C:\WATCOM\lib286\dos\clibl.lib(tolower.c)
0000:61f5      tolower_
Module: C:\WATCOM\lib286\dos\clibl.lib(d2ttime.c)
0000:6203      _d2ttime_
Module: C:\WATCOM\lib286\dos\clibl.lib(opendos.c)
0000:6270      _dos_open_
Module: C:\WATCOM\lib286\dos\clibl.lib(umaskval.c)
0e6c:2724      ___umaskval
Module: C:\WATCOM\lib286\dos\clibl.lib(creatdos.c)
0000:6296      _dos_creat_
0000:62ba*     _dos_creatnew_
Module: C:\WATCOM\lib286\dos\clibl.lib(stiomode.c)
0000:62db+     __grow_iomode_
0000:63a1+     __shrink_iomode_
0000:63dc      __SetIOMode_
Module: C:\WATCOM\lib286\dos\clibl.lib(textmode.c)
0e6c:2726      __fmode
Module: C:\WATCOM\lib286\dos\clibl.lib(mbconv.c)
0000:643f      _mbvtop_
Module: C:\WATCOM\lib286\dos\clibl.lib(mbclen.c)
0000:6454      _mbclen_
Module: C:\WATCOM\lib286\dos\clibl.lib(mbterm.c)
0000:6482      _mbterm_
Module: C:\WATCOM\lib286\dos\clibl.lib(mbccmp.c)
0000:64c4      _mbccmp_
Module: C:\WATCOM\lib286\dos\clibl.lib(mbsinc.c)
0000:6516      _mbsinc_
Module: C:\WATCOM\lib286\dos\clibl.lib(mbsnextc.c)
0000:6552      _mbsnextc_
Module: C:\WATCOM\lib286\dos\clibl.lib(_getdcwd.c)
0000:6583      __getdcwd_
Module: C:\WATCOM\lib286\dos\clibl.lib(strncpy.c)
0000:6598      strncpy_
Module: C:\WATCOM\lib286\dos\clibl.lib(filelen.c)
0000:65d4      filelength_
Module: C:\WATCOM\lib286\dos\clibl.lib(mktime.c)
0000:6632      mktime_
Module: C:\WATCOM\lib286\dos\clibl.lib(frealloc.c)
0000:66ec*     _frealloc_
0000:66ec      realloc_
Module: C:\WATCOM\lib286\dos\clibl.lib(locmktim.c)
0000:67c4      __local_mktime_
Module: C:\WATCOM\lib286\dos\clibl.lib(gmtime.c)
0000:69ce      __brktime_
0000:6b31+     _gmtime_
0000:6b55*     gmtime_
Module: C:\WATCOM\lib286\dos\clibl.lib(tzset.c)
0e6c:2728      ___start_dst
0e6c:273a      ___end_dst
0e6c:284e*     _tzname
0e6c:2856      _timezone
0e6c:285a      _daylight
0e6c:285c      ___dst_adjust
0000:6b67*     __DontCacheOSTZ_
0000:6b80*     __CacheOSTZ_
0000:7107+     __parse_tz_
0000:72d8      tzset_
Module: C:\WATCOM\lib286\dos\clibl.lib(timeutil.c)
0000:7438      __isindst_
Module: C:\WATCOM\lib286\dos\clibl.lib(fmsize.c)
0000:772b*     _msize_
0000:772b      _fmsize_
Module: C:\WATCOM\lib286\dos\clibl.lib(nexpand.c)
0000:773c      _nexpand_
Module: C:\WATCOM\lib286\dos\clibl.lib(fexpand.c)
0000:778e      _fexpand_
0000:778e*     _expand_
Module: C:\WATCOM\lib286\dos\clibl.lib(leapyear.c)
0000:77c3      ___diyr
0000:77dd      ___dilyr
0000:77f7      __leapyear_
Module: C:\WATCOM\lib286\dos\clibl.lib(i4d.asm)
0000:7822*     __I4D
0000:7871      __U4D
Module: C:\WATCOM\lib286\dos\clibl.lib(getenv.c)
0000:78f5      getenv_
Module: C:\WATCOM\lib286\dos\clibl.lib(_expand.c)
0000:79c4      __HeapManager_expand_
Module: C:\WATCOM\lib286\dos\clibl.lib(bexpand.c)
0000:7b44      _bexpand_
Module: C:\WATCOM\lib286\dos\clibl.lib(environ.c)
0e6c:2b1e      ___env_mask
0e6c:2b22*     __wenviron
0e6c:2b26      _environ
Module: C:\WATCOM\lib286\dos\clibl.lib(mbcupper.c)
0000:7b9d      _mbctoupper_
Module: C:\WATCOM\lib286\dos\clibl.lib(bfree.c)
0000:7bc0      _bfree_
Module: C:\WATCOM\lib286\dos\clibl.lib(setenvp.c)
0000:7c03      __setenvp_
0000:7d06      __freeenvp_
Module: C:\WATCOM\lib286\dos\clibl.lib(mbdtoupp.c)
0000:7d64      _mbdtoupper_
Module: C:\WATCOM\lib286\dos\clibl.lib(toupper.c)
0000:7d72      toupper_
Module: C:\WATCOM\lib286\dos\clibl.lib(clearenv.c)
0000:7d80      clearenv_


                        +--------------------+
                        |   Libraries Used   |
                        +--------------------+

C:\WATCOM\lib286\plbxl.lib
C:\WATCOM\lib286\dos\clibl.lib


                        +-----------------------+
                        |   Linker Statistics   |
                        +-----------------------+

Stack size:  0800 (2048.)
Memory size:  000119f0 (72176.)
Entry point address: 0000:1edc
Link time: 00:00.21
